---
source: crates/cli/tests/query_test.rs
assertion_line: 31
expression: get_assert_output(&assert)
---
{
  "files": [],
  "options": {
    "base": "master",
    "head": "branch",
    "log": false,
    "status": "deleted",
    "upstream": true
  }
}


